// Jest Snapshot v1, https://goo.gl/fbAQLP

exports[`App Should render correctly 1`] = `
<BrowserRouter>
  <Route
    component={
      Object {
        "$$typeof": Symbol(react.memo),
        "WrappedComponent": [Function],
        "compare": null,
        "displayName": "Connect(Splash)",
        "type": [Function],
      }
    }
    exact={true}
    path="/"
  />
</BrowserRouter>
`;
